[1,1,1]
	[0,4,4]
		[2,2,5]
			[3,3,3]
			[2,2,5]
		[0,4,4]
			[2,5,2]
			[0,4,4]
	[1,1,1]
		[4,0,4]
			[4,0,4]
			[5,2,2]
		[1,1,1]
			[1,1,1]
			[4,4,0]
