[-19,14,-17]
	[-30,-8,-65]
		[38,-5,84]
		[-30,-8,-65]
			[-30,-8,-65]
	[-19,14,-17]
		[-19,14,-17]
			[-19,14,-17]
			[11,-3,-50]
				[-77,-79,73]
					[37,48,79]
						[37,48,79]
					[-77,-79,73]
						[-77,-79,73]
					[40,-87,-26]
					[-59,-43,35]
				[-71,6,36]
					[37,-93,86]
					[-35,29,-37]
						[35,-98,93]
						[-35,29,-37]
						[47,-34,43]
					[-71,6,36]
						[64,4,67]
						[-71,6,36]
				[11,-3,-50]
