[-97,45,-54]
	[-98,77,39]
		[-52,-71,-32]
			[-14,-32,46]
				[-82,-24,-8]
					[-82,-24,-8]
						[-61,40,-17]
							[-72,-76,-80]
								[-72,-76,-80]
									[-20,-59,-100]
									[21,-59,91]
									[-72,-76,-80]
									[-28,-66,-12]
							[-99,75,68]
								[-36,-12,-79]
									[15,-96,94]
									[-36,-12,-79]
									[84,-32,-67]
								[-99,75,68]
							[-61,40,-17]
								[80,-16,-6]
									[80,-16,-6]
								[31,-6,7]
									[43,95,-52]
									[31,-6,7]
									[60,-18,-67]
								[94,14,22]
									[94,14,22]
								[-61,40,-17]
							[-95,0,-24]
								[-33,-12,-76]
									[-5,94,27]
									[83,-80,29]
									[-33,-12,-76]
								[8,-68,-91]
								[-66,-20,-9]
									[-66,-20,-9]
									[35,44,-100]
								[-95,0,-24]
									[-75,59,10]
									[-95,0,-24]
									[78,-12,-41]
						[-82,-24,-8]
							[-95,29,72]
								[-79,-17,-100]
									[-71,86,-91]
									[-79,-17,-100]
									[-31,24,-90]
									[-59,95,87]
								[-95,29,72]
									[-95,29,72]
									[20,13,-2]
									[-60,50,-33]
							[-95,-67,20]
								[-86,-42,0]
									[-86,-42,0]
									[-7,91,-37]
								[-95,-67,20]
									[-95,-67,20]
									[-4,-35,-24]
									[-86,42,73]
									[-4,73,4]
							[-82,-24,-8]
								[-43,-31,-50]
									[-10,53,5]
									[-43,-31,-50]
									[80,-42,88]
								[-82,-24,-8]
									[-73,35,-72]
									[76,18,-63]
									[-82,-24,-8]
						[34,11,15]
							[34,11,15]
					[-39,12,-17]
						[-39,12,-17]
						[1,46,60]
					[-61,80,-81]
						[27,51,16]
							[27,51,16]
							[-99,-96,39]
								[-40,-14,-84]
									[-40,-14,-84]
									[-32,-7,45]
								[-54,-95,-81]
									[6,-19,-10]
									[83,-36,52]
									[-54,-95,-81]
								[-99,-96,39]
									[44,-21,-44]
									[-30,18,-81]
									[28,-57,46]
									[-99,-96,39]
							[-82,-24,-96]
							[-86,-49,-60]
								[-69,-22,83]
									[-69,-22,83]
									[10,-81,-63]
									[57,68,22]
								[-33,24,-27]
									[-22,39,-7]
									[-33,24,-27]
								[-86,-49,-60]
									[83,80,30]
									[-86,-49,-60]
									[87,-91,80]
									[-82,-53,-38]
						[-61,80,-81]
							[-86,62,37]
								[-65,49,-10]
									[17,6,38]
									[96,0,20]
									[-65,49,-10]
								[26,-97,-68]
								[-63,-47,12]
									[82,-6,-71]
									[-63,-47,12]
									[-5,-45,-69]
								[-86,62,37]
									[-22,2,72]
									[-86,62,37]
							[-61,80,-81]
								[-61,80,-81]
									[-61,80,-81]
								[31,-27,-75]
								[80,-68,-23]
				[-47,97,-9]
					[9,66,-87]
						[9,66,-87]
						[43,-74,69]
							[43,-74,69]
								[43,-74,69]
									[43,-74,69]
									[73,-55,-54]
							[-50,-46,75]
								[-17,92,73]
								[1,15,80]
								[-50,-46,75]
									[24,-40,-30]
									[54,-17,-72]
									[-50,-46,75]
					[-47,97,-9]
						[-31,-25,-82]
							[-48,-41,83]
								[93,-56,-17]
								[-48,-41,83]
									[-48,-41,83]
								[19,-28,-71]
								[-26,-74,-60]
									[75,69,25]
									[-8,2,65]
									[83,-67,76]
									[-26,-74,-60]
							[-54,11,25]
								[-21,12,38]
									[-21,12,38]
									[27,-14,-62]
								[-54,11,25]
									[-27,-65,-29]
									[18,52,-80]
									[-54,11,25]
									[87,38,-48]
								[-30,-82,-50]
									[-30,-82,-50]
									[40,80,79]
									[98,51,9]
									[3,-14,66]
								[40,-99,-26]
									[89,57,49]
									[40,-99,-26]
							[-31,-25,-82]
								[51,95,68]
									[51,95,68]
									[88,90,0]
								[-31,-25,-82]
									[-31,-25,-82]
									[27,-28,1]
							[-52,49,12]
								[-52,49,12]
									[27,34,-94]
									[-52,49,12]
								[5,-45,33]
									[5,-45,33]
								[-10,-2,-54]
						[96,69,-39]
							[96,69,-39]
							[-58,0,18]
						[79,57,-31]
							[-91,0,-18]
							[-42,9,-61]
								[-42,9,-61]
							[-83,-51,87]
								[-83,-51,87]
									[12,-96,16]
									[-39,-14,26]
									[-83,-51,87]
								[14,47,-39]
							[79,57,-31]
						[-47,97,-9]
							[-47,97,-9]
				[-14,-32,46]
			[28,79,-65]
				[28,79,-65]
					[28,79,-65]
				[-72,51,-78]
					[-29,91,-7]
						[-23,-40,82]
							[-43,-94,11]
							[-23,-40,82]
								[16,7,98]
								[-23,-40,82]
								[42,87,-57]
							[-63,81,64]
							[-50,43,50]
								[-49,35,-57]
								[-50,43,50]
									[75,-29,51]
									[-50,43,50]
									[-11,-38,-6]
						[-29,91,-7]
						[85,53,19]
							[85,53,19]
							[-100,-6,-68]
								[-88,-84,-10]
									[64,75,97]
									[59,-48,-37]
									[-88,-84,-10]
									[83,42,17]
								[-70,96,-63]
									[-70,96,-63]
									[82,-84,-94]
									[-19,-78,-73]
								[-100,-6,-68]
									[-100,-6,-68]
									[-74,-75,-53]
									[-71,58,-29]
									[-49,-13,48]
								[28,-90,-57]
						[83,3,-99]
							[-79,-69,75]
								[-44,-85,-19]
									[-44,-85,-19]
									[28,56,12]
								[-79,-69,75]
									[-79,-69,75]
									[31,64,-25]
									[9,84,-43]
									[53,-13,88]
							[-97,38,-88]
								[-12,-68,-9]
									[-12,-68,-9]
									[-5,-75,-21]
									[50,78,-19]
								[-97,38,-88]
									[80,40,44]
									[21,-70,0]
									[94,-17,36]
									[-97,38,-88]
								[-91,61,-30]
									[-91,61,-30]
								[-80,-100,-22]
									[-80,-100,-22]
									[66,-55,63]
							[-10,-43,-84]
								[-10,-43,-84]
									[63,55,98]
									[-10,-43,-84]
								[97,-28,-99]
									[97,-28,-99]
								[68,-100,-10]
									[68,-100,-10]
							[83,3,-99]
					[-72,51,-78]
						[-8,91,-1]
							[-92,34,-83]
								[-92,34,-83]
									[23,-2,-59]
									[-92,34,-83]
									[-18,68,65]
									[1,12,-5]
								[-82,75,-23]
								[-25,-52,-24]
									[12,72,38]
									[-25,-52,-24]
								[80,-22,50]
							[-49,-8,74]
								[-49,-8,74]
								[-7,-83,54]
								[11,-71,92]
								[77,-55,26]
									[77,-55,26]
									[89,62,-62]
							[-8,91,-1]
								[-8,91,-1]
									[-8,91,-1]
									[30,66,61]
								[6,-13,-70]
									[6,-13,-70]
									[13,74,-56]
									[98,-50,44]
						[85,72,-63]
							[-86,-72,2]
								[-24,-38,-19]
									[-24,-38,-19]
									[22,-43,8]
								[4,48,-52]
									[4,48,-52]
								[-74,99,31]
									[22,78,27]
									[-74,99,31]
									[-6,63,0]
								[-86,-72,2]
									[-77,3,-46]
									[-86,-72,2]
									[13,59,-90]
									[-14,-59,-3]
							[-44,73,-83]
								[-44,73,-83]
								[67,-9,64]
							[-91,-59,-100]
								[-91,-59,-100]
									[-91,-59,-100]
								[-7,30,-86]
								[-3,-62,-12]
									[-3,-62,-12]
									[50,-64,-91]
							[85,72,-63]
						[-72,51,-78]
							[-83,3,-71]
								[-82,8,-19]
									[75,90,-10]
									[-50,-58,-11]
									[-82,8,-19]
								[-83,3,-71]
									[-39,10,-97]
									[74,18,29]
									[-83,3,-71]
								[-82,-94,-2]
									[-46,58,-34]
									[-82,-94,-2]
									[33,-58,96]
							[-72,51,-78]
								[-72,51,-78]
								[59,-64,-40]
									[75,6,-39]
									[60,-78,80]
									[71,-35,99]
									[59,-64,-40]
							[-82,-24,86]
						[93,-98,25]
			[-2,-90,-75]
			[-52,-71,-32]
		[-98,77,39]
			[80,79,-41]
				[-50,87,41]
					[-50,87,41]
						[60,3,-39]
							[-28,-50,-76]
							[-38,25,-75]
								[-23,-99,10]
									[58,64,66]
									[-23,-99,10]
								[-38,25,-75]
									[-38,25,-75]
							[32,-54,-25]
							[60,3,-39]
								[60,3,-39]
									[60,3,-39]
						[44,-49,-16]
							[23,41,-100]
							[44,-49,-16]
							[-32,-4,30]
								[-21,-91,-25]
									[-21,-91,-25]
								[72,-8,-44]
									[72,-8,-44]
								[-32,-4,30]
									[-20,36,23]
									[-32,-4,30]
									[43,81,44]
									[86,12,24]
						[-50,87,41]
							[-50,87,41]
								[-50,87,41]
									[-50,87,41]
									[84,-81,-16]
									[-16,-1,60]
								[37,99,67]
								[-47,12,40]
									[98,-88,-75]
									[-47,12,40]
					[6,94,-47]
				[80,79,-41]
					[80,79,-41]
				[-88,-70,-55]
					[27,-18,-78]
						[27,-18,-78]
							[-58,-57,89]
								[-45,-77,-33]
								[-58,-57,89]
									[39,-56,44]
									[15,-79,-32]
									[-58,-57,89]
									[4,76,-51]
								[16,-75,-50]
									[16,-75,-50]
								[-1,73,84]
									[34,-70,-80]
									[-1,73,84]
									[24,-53,53]
									[41,-35,93]
							[27,-18,-78]
								[27,-18,-78]
					[-88,-70,-55]
						[-88,-70,-55]
							[-88,-70,-55]
								[-88,-70,-55]
									[-9,55,-57]
									[93,62,-70]
									[-88,-70,-55]
								[-30,23,-26]
									[-30,23,-26]
									[93,-34,-91]
									[74,44,-65]
									[41,-88,29]
								[47,61,-50]
								[17,-33,-73]
									[33,17,-73]
									[17,-33,-73]
									[49,35,-32]
						[-56,55,-20]
							[-58,-12,-67]
							[-56,55,-20]
								[-56,55,-20]
									[-56,55,-20]
									[91,-22,-98]
				[29,14,50]
					[29,14,50]
			[1,-37,95]
				[-99,70,-66]
					[-21,77,2]
						[-2,5,-78]
						[86,42,-43]
							[-99,-80,-63]
								[-99,-80,-63]
									[-99,-80,-63]
								[-5,30,-58]
									[-5,30,-58]
									[13,-42,-51]
								[-16,-96,-22]
									[-16,-96,-22]
									[47,-40,-99]
									[0,89,68]
							[86,42,-43]
								[86,42,-43]
						[-21,77,2]
						[-10,-11,-75]
							[-10,-11,-75]
					[-99,70,-66]
						[-99,70,-66]
							[-99,70,-66]
								[-99,70,-66]
									[-43,39,-35]
									[-99,70,-66]
									[70,-17,86]
									[-22,-44,19]
								[84,-70,-26]
								[28,54,34]
									[28,54,34]
						[-68,74,-46]
							[-68,74,-46]
								[48,-42,-91]
								[17,-33,49]
								[-68,74,-46]
									[-31,72,-24]
									[61,70,98]
									[36,35,56]
									[-68,74,-46]
						[-73,35,-80]
							[-73,35,-80]
								[-73,35,-80]
									[81,-60,6]
									[-73,35,-80]
									[-29,-1,41]
									[56,11,-96]
								[-9,70,-81]
									[24,25,52]
									[67,-3,59]
									[-9,70,-81]
						[90,59,15]
							[-80,-54,67]
								[-80,-54,67]
									[99,-92,48]
									[-80,-54,67]
									[-53,48,24]
							[-22,73,11]
							[90,59,15]
				[1,-37,95]
				[-41,12,-61]
					[-32,-3,-38]
					[32,-16,22]
					[-41,12,-61]
						[54,69,-2]
							[-85,-78,-86]
								[-85,-78,-86]
									[-85,-78,-86]
									[21,-34,91]
								[37,-90,17]
								[-75,49,99]
									[38,-5,5]
									[-75,49,99]
								[61,-91,96]
							[-88,75,29]
								[-88,75,29]
									[-88,75,29]
									[13,42,-4]
									[92,6,26]
									[-48,13,-34]
								[-87,-20,-11]
								[-66,73,21]
									[93,-58,-100]
									[-55,96,-27]
									[-25,40,-46]
									[-66,73,21]
							[54,69,-2]
							[-38,65,81]
								[-38,65,81]
									[-38,65,81]
									[8,20,-36]
						[-24,-63,31]
						[-41,12,-61]
							[-97,61,21]
								[32,-76,60]
									[33,-57,17]
									[32,-76,60]
								[-97,61,21]
									[11,-97,71]
									[57,83,-1]
									[-7,88,-34]
									[-97,61,21]
								[-63,-74,-12]
									[-63,-74,-12]
									[14,-65,81]
								[-28,-23,-85]
									[-28,-23,-85]
									[47,-19,31]
									[-6,12,-70]
									[24,-52,83]
							[-41,12,-61]
								[-41,12,-61]
									[-41,12,-61]
					[-40,87,95]
						[-40,87,95]
							[-40,87,95]
							[-100,-63,90]
								[-100,-63,90]
									[96,-44,-53]
									[-100,-63,90]
									[93,79,26]
									[-83,-51,-41]
							[-42,23,66]
								[-42,23,66]
									[-42,23,66]
									[-38,-66,-22]
									[85,71,-62]
									[10,45,-31]
				[-39,-99,26]
					[-27,-36,70]
					[-39,-99,26]
						[-39,-99,26]
						[-2,92,-90]
							[-75,63,-77]
							[-2,92,-90]
								[73,-45,98]
									[73,-45,98]
								[17,-31,-26]
									[17,-31,-26]
								[-2,92,-90]
							[-35,-95,6]
								[49,51,39]
									[49,51,39]
								[-35,-95,6]
									[46,6,65]
									[-35,-95,6]
									[-9,-37,-36]
						[82,-65,-49]
			[-98,77,39]
				[-98,77,39]
		[-48,-23,49]
		[-83,51,8]
			[-83,51,8]
				[-83,51,8]
					[-83,51,8]
						[-83,51,8]
							[-83,51,8]
								[-78,21,-74]
									[-13,-12,87]
									[-78,21,-74]
								[-52,-74,-95]
									[-52,-74,-95]
									[62,65,-41]
								[-83,51,8]
								[11,64,-54]
									[11,64,-54]
							[-85,-21,33]
								[-85,-21,33]
									[-69,-92,88]
									[50,32,91]
									[-85,-21,33]
								[-75,85,-16]
									[-75,85,-16]
									[-24,82,6]
								[13,-72,14]
								[-61,-10,43]
									[-61,-10,43]
									[-50,-49,81]
									[27,-80,-77]
						[17,46,93]
							[17,46,93]
							[-99,-4,50]
								[67,-84,-80]
								[-99,-4,50]
									[-15,96,71]
									[-99,-4,50]
									[14,58,-5]
								[-93,53,67]
									[38,-16,-27]
									[17,-58,-27]
									[-93,53,67]
									[35,-45,88]
								[92,6,-55]
									[92,6,-55]
							[-100,23,41]
								[-100,23,41]
									[-100,23,41]
									[-32,53,85]
									[-23,18,42]
							[-88,80,81]
								[-25,-36,-10]
									[-25,-36,-10]
								[-53,-67,-76]
								[24,-6,-67]
									[24,-6,-67]
								[-88,80,81]
									[41,-79,-61]
									[-88,80,81]
									[68,3,-78]
									[95,-64,26]
					[17,68,63]
						[17,68,63]
							[-92,8,-39]
								[-92,8,-39]
									[36,87,-28]
									[-43,39,46]
									[-92,8,-39]
							[-68,16,-59]
								[98,-38,83]
								[-60,93,87]
									[-60,93,87]
									[-40,12,-96]
									[54,-39,70]
									[95,-65,-34]
								[-68,16,-59]
									[-68,16,-59]
									[-64,80,-43]
								[-55,35,77]
									[31,18,88]
									[-55,35,77]
									[-34,46,-77]
							[-85,88,-8]
								[-35,56,-84]
									[-35,56,-84]
								[-59,-12,-27]
									[56,-58,57]
									[-59,-12,-27]
								[-48,-49,-6]
									[73,-10,-18]
									[-48,-49,-6]
								[-85,88,-8]
									[51,-75,-40]
									[-85,88,-8]
									[41,-38,99]
							[17,68,63]
						[53,93,82]
							[-27,91,-73]
								[-27,91,-73]
									[-27,91,-73]
									[25,-60,63]
							[-73,-51,-1]
								[-73,-51,-1]
									[-10,-80,91]
									[75,-53,-61]
									[-73,-51,-1]
									[12,51,41]
							[-99,-5,11]
								[-99,-5,11]
									[-99,-5,11]
							[53,93,82]
					[25,76,-53]
					[-43,-23,-37]
						[-43,-23,-37]
							[-43,-23,-37]
								[19,-88,-99]
									[19,-88,-99]
									[90,66,-43]
									[85,-85,12]
									[95,72,85]
								[19,41,13]
								[-43,-23,-37]
									[7,5,-53]
									[-43,-23,-37]
							[-100,-86,19]
								[23,18,-57]
									[23,18,-57]
								[52,76,86]
								[-100,-86,19]
									[61,-86,-35]
									[-100,-86,19]
									[-44,18,-82]
								[-7,-36,24]
									[-7,-36,24]
									[30,96,78]
									[64,-83,-60]
									[51,-41,22]
							[-78,-53,-81]
								[-78,-53,-81]
									[-66,-76,66]
									[-78,-53,-81]
									[15,-4,53]
								[-64,18,-97]
	[-97,45,-54]
		[-46,6,-33]
			[-46,6,-33]
				[-91,-68,-22]
					[19,-14,-18]
						[19,-14,-18]
							[19,-14,-18]
								[19,-14,-18]
									[19,-14,-18]
							[-98,-77,24]
								[-52,-96,-33]
									[-52,-96,-33]
									[-31,96,-65]
								[-98,-77,24]
									[-28,24,-86]
									[-98,-77,24]
								[-61,0,33]
									[-61,0,33]
					[-34,15,-89]
					[-91,-68,-22]
						[11,16,-32]
							[-60,-69,85]
							[11,16,-32]
								[11,16,-32]
									[60,-14,91]
									[92,-40,33]
									[11,16,-32]
									[69,-68,96]
						[-74,-97,69]
							[-74,-97,69]
								[-9,16,-59]
									[-9,16,-59]
								[-74,-97,69]
									[-35,-14,-97]
									[-1,20,-74]
									[-43,-70,87]
									[-74,-97,69]
								[-59,-95,81]
									[5,-22,31]
									[-59,-95,81]
								[19,44,11]
						[-33,92,-92]
							[-33,92,-92]
								[-33,92,-92]
									[-1,-71,-66]
									[-12,63,-22]
									[-15,50,-46]
									[-33,92,-92]
								[8,-35,-65]
									[8,-35,-65]
								[14,32,51]
							[-59,8,-76]
						[-91,-68,-22]
							[-91,-68,-22]
								[-35,-59,-16]
									[-35,-59,-16]
									[-15,-60,-61]
									[96,-54,78]
									[-9,19,67]
								[-91,-68,-22]
									[-5,-44,22]
									[32,-19,-57]
									[57,38,24]
									[-91,-68,-22]
							[-97,63,-45]
								[35,-70,-47]
									[35,-70,-47]
									[51,3,89]
								[9,-100,-25]
									[79,-12,-95]
									[92,20,83]
									[9,-100,-25]
								[-97,63,-45]
									[-97,63,-45]
									[80,-86,-6]
				[-46,6,-33]
					[-46,6,-33]
						[95,28,-2]
							[95,28,-2]
						[-46,6,-33]
							[-95,-49,-40]
								[-95,-49,-40]
									[-95,-49,-40]
									[-32,-63,-84]
								[99,-75,-69]
								[-69,46,-6]
									[37,86,-99]
									[-31,0,73]
									[-69,46,-6]
									[3,9,-80]
							[-46,6,-33]
								[-46,6,-33]
									[39,72,26]
									[-20,-58,-99]
									[-14,-17,65]
									[-46,6,-33]
								[4,84,49]
							[-73,65,-41]
								[-21,-97,66]
									[-21,-97,66]
									[74,2,89]
								[-64,15,-88]
									[36,7,40]
									[-64,15,-88]
									[31,98,-59]
								[-73,65,-41]
									[-73,65,-41]
									[-18,-77,-37]
									[61,44,79]
				[-81,54,76]
					[22,-81,-65]
						[22,-81,-65]
					[-81,54,76]
						[-79,13,-56]
						[-81,54,76]
							[-100,67,-88]
								[-100,67,-88]
									[-13,-58,-9]
									[-100,67,-88]
									[72,31,-31]
									[-41,-33,55]
							[-81,54,76]
								[-81,54,76]
									[-12,3,69]
									[-81,54,76]
								[-63,-79,35]
									[-63,-79,35]
									[-59,-53,-66]
									[6,41,-62]
								[-60,7,-72]
									[-60,7,-72]
									[-12,-9,24]
									[-59,62,97]
								[-55,-18,-1]
									[-54,85,-59]
									[87,83,37]
									[-55,-18,-1]
							[-85,94,-50]
								[-72,38,32]
									[-72,38,32]
								[71,-94,-52]
								[-45,48,-42]
									[-6,37,-84]
									[-45,48,-42]
								[-85,94,-50]
									[-85,94,-50]
									[-66,-92,-82]
									[89,73,-21]
									[-40,46,49]
						[8,-29,-8]
							[-97,95,-4]
								[-97,95,-4]
									[92,53,44]
									[-49,-89,43]
									[-97,95,-4]
									[-88,58,37]
								[-95,2,-94]
									[-33,18,96]
									[-23,35,-96]
									[-95,2,-94]
									[64,86,69]
								[-59,-48,-2]
									[88,78,-21]
									[-59,-48,-2]
									[-33,13,80]
								[-97,-81,71]
							[-94,-46,-75]
								[-94,-46,-75]
									[80,28,55]
									[-87,-66,6]
									[-94,-46,-75]
								[-83,-31,-11]
									[-80,-40,86]
									[12,31,94]
									[-83,-31,-11]
							[-68,-3,0]
								[-68,-3,0]
									[-68,-3,0]
									[58,5,-72]
									[42,71,-51]
								[-31,58,-47]
							[8,-29,-8]
						[-36,71,-64]
							[-92,74,18]
								[-73,63,51]
									[67,63,-18]
									[90,68,98]
									[-73,63,51]
									[-10,-3,-53]
								[-92,74,18]
									[-92,74,18]
									[14,73,-67]
									[13,37,-5]
							[-36,71,-64]
								[-36,71,-64]
								[30,-32,-3]
								[48,-12,84]
									[79,-91,55]
									[48,-12,84]
							[-96,15,-62]
								[-96,15,-62]
									[-90,-41,21]
									[41,-4,89]
									[-16,60,-2]
									[-96,15,-62]
								[-64,-29,58]
									[-64,-29,58]
									[-21,15,72]
								[-95,54,-3]
									[-50,-47,30]
									[-22,-37,12]
									[53,27,58]
									[-95,54,-3]
				[-68,71,-79]
					[-50,93,-57]
						[37,95,93]
							[37,95,93]
						[96,-77,-59]
							[96,-77,-59]
							[-68,-42,84]
								[-68,-42,84]
								[7,-36,-96]
									[7,-36,-96]
									[75,45,-58]
									[54,-54,6]
									[84,-87,-94]
							[-45,43,53]
							[64,74,-48]
								[64,74,-48]
						[-50,93,-57]
							[-94,-21,50]
								[-94,-21,50]
									[-56,66,20]
									[-94,-21,50]
									[-29,-27,-54]
								[-81,35,80]
									[-81,35,80]
									[55,83,2]
								[-54,-17,46]
									[-54,-17,46]
							[-60,-72,-14]
							[-84,-8,59]
								[2,-66,83]
									[19,78,-1]
									[2,-66,83]
								[9,-42,4]
									[9,-42,4]
									[39,-55,-48]
									[66,48,-27]
								[-84,-8,59]
							[-50,93,-57]
								[-19,94,-13]
									[94,3,-17]
									[-19,94,-13]
									[56,-77,62]
									[49,3,10]
								[-39,-7,-96]
									[-39,-7,-96]
								[-50,93,-57]
									[-1,46,-22]
									[-50,93,-57]
								[11,42,66]
									[90,29,-1]
									[49,-58,-42]
									[11,42,66]
									[99,-7,62]
					[-68,71,-79]
						[-68,71,-79]
							[-68,71,-79]
								[-68,71,-79]
									[18,-56,99]
									[-68,71,-79]
									[13,38,-97]
								[-4,70,-19]
									[76,-23,-60]
									[-4,70,-19]
									[0,11,39]
									[77,-45,-7]
								[52,-75,-47]
		[-82,17,-54]
			[-82,17,-54]
		[-97,45,-54]
			[-97,45,-54]
			[-87,-61,76]
				[-87,-61,76]
					[-33,-22,52]
						[-33,-22,52]
							[-33,-22,52]
								[-33,-22,52]
									[13,-64,-6]
									[-33,-22,52]
							[-97,-6,50]
								[-97,-6,50]
									[-97,-6,50]
									[-22,-58,58]
									[50,64,70]
								[38,-95,-34]
								[10,-69,6]
									[10,-69,6]
									[75,10,-54]
									[26,-82,-77]
									[17,-91,-35]
							[-79,31,-38]
								[-57,-13,42]
								[-79,31,-38]
									[-79,31,-38]
									[69,24,83]
									[51,95,-35]
								[-72,-26,15]
									[-72,-26,15]
									[43,-60,53]
									[81,58,-27]
							[-94,62,-1]
								[-16,70,-97]
									[-16,70,-97]
								[24,-49,83]
								[-64,15,-43]
									[52,59,8]
									[49,-34,15]
									[-64,15,-43]
								[-94,62,-1]
									[-94,62,-1]
									[-4,4,-94]
									[24,49,17]
									[51,36,45]
						[47,-59,-10]
							[26,-22,59]
								[26,-22,59]
									[26,-22,59]
									[95,-86,-52]
									[52,-70,82]
							[-4,50,-46]
								[-4,50,-46]
									[-4,50,-46]
							[47,-59,-10]
								[47,-59,-10]
									[47,-59,-10]
							[-34,-72,-84]
					[-87,-61,76]
						[-64,-16,67]
						[-87,-61,76]
						[-21,-28,7]
						[-85,-6,-33]
							[-85,-6,-33]
								[-34,-13,30]
									[6,-19,48]
									[-9,13,-67]
									[-34,-13,30]
									[86,-27,49]
								[-74,-26,2]
									[-25,-79,-50]
									[-38,-98,-51]
									[-74,-26,2]
								[53,-62,-97]
									[53,-62,-97]
								[-85,-6,-33]
							[-89,-50,11]
								[-89,-50,11]
									[9,-61,19]
									[-89,-50,11]
									[40,76,-2]
								[27,-22,93]
									[88,-9,85]
									[27,-22,93]
									[71,89,-76]
									[51,-54,69]
								[43,-62,93]
									[90,-10,3]
									[43,-62,93]
					[80,99,38]
			[-47,-97,68]
				[-90,98,-58]
					[72,69,-6]
						[72,69,-6]
							[72,69,-6]
								[72,69,-6]
							[-57,43,68]
								[-57,43,68]
									[-8,-59,0]
									[-57,43,68]
									[-39,-13,-87]
								[43,84,-8]
									[43,84,-8]
								[59,46,89]
								[-12,6,-8]
							[4,-77,-23]
					[-90,98,-58]
						[93,-33,-42]
						[-90,98,-58]
					[-63,50,72]
					[-83,-90,-10]
						[-83,-90,-10]
							[-83,-90,-10]
								[-83,-90,-10]
									[54,-2,96]
									[71,75,22]
									[-10,73,92]
									[-83,-90,-10]
							[-87,69,-72]
								[-87,69,-72]
								[-68,-48,-28]
									[-68,-48,-28]
									[-48,-34,71]
								[-78,94,52]
									[-78,94,52]
								[-33,-14,12]
									[2,75,23]
									[-7,-89,39]
									[-33,-14,12]
						[-75,12,-3]
							[-99,88,-39]
								[25,-65,61]
									[63,-23,19]
									[25,-65,61]
								[-96,41,52]
									[64,-45,-100]
									[-96,41,52]
									[-71,-37,22]
								[-99,88,-39]
									[-99,88,-39]
									[86,98,-92]
									[45,54,48]
								[27,83,-46]
									[27,83,-46]
							[-75,12,-3]
								[-75,12,-3]
									[28,-67,-6]
									[70,87,-95]
									[-75,12,-3]
								[24,20,82]
									[69,-69,-2]
									[24,20,82]
				[-47,-97,68]
					[-41,-21,-73]
						[17,62,-39]
							[17,62,-39]
								[55,-12,-91]
								[20,-49,-93]
								[17,62,-39]
									[17,62,-39]
								[21,-96,88]
									[41,-48,-75]
									[76,-85,87]
									[21,-96,88]
									[94,-28,-12]
						[18,-6,-45]
							[-66,90,-60]
								[-66,90,-60]
									[-66,90,-60]
									[24,-1,-57]
								[10,-68,-100]
							[18,-6,-45]
								[18,-6,-45]
									[18,-6,-45]
						[-9,99,56]
						[-41,-21,-73]
							[-41,-21,-73]
								[16,-44,-22]
									[99,37,68]
									[16,-44,-22]
								[-41,-21,-73]
									[-31,-20,27]
									[-41,-21,-73]
								[-15,90,-53]
								[27,-38,-52]
									[27,-38,-52]
							[-82,0,13]
								[-54,24,-37]
									[-54,24,-37]
									[-39,39,-38]
								[-82,0,13]
									[-65,-68,45]
									[-82,0,13]
									[-69,32,13]
									[9,1,92]
							[-81,-18,-28]
								[67,11,-60]
									[67,11,-60]
								[38,-3,0]
									[38,-3,0]
								[-81,-18,-28]
									[-81,-18,-28]
									[-15,69,-37]
								[-71,10,45]
					[-47,-97,68]
						[-22,-85,-76]
							[-22,-85,-76]
							[-65,34,98]
								[69,31,-28]
								[-65,34,98]
									[-65,34,98]
						[-47,-97,68]
							[-47,-97,68]
								[-47,-97,68]
									[-19,-91,60]
									[-11,67,-67]
									[41,50,1]
									[-47,-97,68]
								[-35,-11,-67]
									[95,-41,26]
									[-35,-11,-67]
									[-20,6,-9]
							[-76,66,42]
			[-74,-87,33]
				[-88,-33,48]
					[61,64,36]
						[61,64,36]
							[-97,-19,24]
								[-79,27,12]
									[40,82,50]
									[-79,27,12]
									[91,-83,66]
									[41,-49,37]
								[-94,-45,71]
									[-94,-45,71]
									[9,-57,-10]
									[82,-82,-53]
								[-97,-19,24]
									[-97,-19,24]
							[-38,69,-43]
								[-38,69,-43]
									[-38,69,-43]
								[12,-41,-93]
									[12,-41,-93]
									[75,89,-98]
							[61,64,36]
					[-66,-47,-10]
						[60,5,37]
							[60,5,37]
								[60,5,37]
							[-96,44,68]
								[-56,-5,84]
								[-96,44,68]
									[41,57,97]
									[0,48,-96]
									[-96,44,68]
							[-59,-76,57]
								[-59,-76,57]
									[40,-70,-32]
									[-59,-76,57]
									[54,53,11]
									[0,-62,13]
								[12,-18,71]
									[12,-18,71]
									[75,-87,-65]
									[97,89,48]
						[-18,-59,-13]
							[-84,-16,-65]
								[-20,35,-46]
									[-20,35,-46]
								[75,-74,-100]
								[-84,-16,-65]
									[-71,64,17]
									[-47,53,-93]
									[-84,-16,-65]
								[16,-18,-16]
							[-87,71,49]
								[-87,71,49]
									[92,44,-14]
									[-87,71,49]
							[-18,-59,-13]
						[-66,-47,-10]
							[-90,-64,3]
								[-66,-25,-89]
									[-66,-25,-89]
								[-90,-64,3]
									[-90,-64,3]
									[10,-98,-11]
									[49,60,-86]
									[-10,-32,-72]
								[34,65,-37]
							[-98,-51,-34]
								[-98,-51,-34]
								[25,-95,91]
									[47,92,12]
									[25,-95,91]
							[-66,-47,-10]
								[-66,-47,-10]
									[-66,-47,-10]
									[31,60,-50]
								[-5,51,-67]
									[37,21,-42]
									[-5,51,-67]
								[80,40,-28]
									[80,40,-28]
							[-78,-65,-28]
								[-78,-65,-28]
									[47,16,31]
									[-35,-7,-61]
									[73,-26,37]
									[-78,-65,-28]
								[-50,22,87]
									[-50,22,87]
								[27,34,-40]
									[51,15,-4]
									[27,34,-40]
						[51,-14,-6]
					[-88,-33,48]
						[-20,-7,65]
							[-58,72,-28]
								[-58,72,-28]
									[-58,72,-28]
									[1,58,-63]
								[-40,34,-90]
									[-40,34,-90]
							[-60,33,-7]
								[67,3,68]
								[-60,33,-7]
									[65,-75,19]
									[-41,85,-27]
									[-47,-49,-85]
									[-60,33,-7]
								[-53,22,3]
							[-86,-61,90]
								[-86,-61,90]
									[-86,-61,90]
									[-77,51,-7]
									[93,-37,-92]
								[-17,62,-19]
								[12,97,92]
									[81,66,46]
									[12,97,92]
								[33,-26,53]
									[50,-46,-92]
									[52,-80,-56]
									[92,74,-10]
									[33,-26,53]
							[-20,-7,65]
								[-20,-7,65]
									[89,-29,19]
									[-20,-7,65]
						[-88,-33,48]
							[-88,-33,48]
								[41,-70,-89]
									[41,-70,-89]
								[-62,-23,-93]
									[-27,-45,-37]
									[-43,-44,0]
									[-62,-23,-93]
								[-88,-33,48]
									[-47,-74,3]
									[-88,-33,48]
									[13,-12,57]
						[-32,-97,-67]
							[-32,-97,-67]
								[-32,-97,-67]
									[-32,-97,-67]
									[35,32,-90]
									[36,-100,-42]
							[-60,-61,13]
							[-97,-12,-47]
								[-97,-12,-47]
									[67,-55,4]
									[-97,-12,-47]
									[-64,-77,30]
									[79,96,86]
						[-57,-18,48]
							[-57,-18,48]
								[-57,-18,48]
									[-4,-35,81]
									[-57,-18,48]
									[-13,-12,-23]
								[-26,67,-70]
				[-74,-87,33]
					[-60,52,99]
					[4,-44,-40]
						[4,-44,-40]
							[0,96,13]
							[4,-44,-40]
								[4,-44,-40]
									[28,-55,-97]
									[37,-6,41]
									[39,74,-34]
									[4,-44,-40]
							[-24,97,-55]
								[-24,97,-55]
									[-4,-66,99]
									[-24,97,-55]
									[88,-70,69]
							[-98,-22,-89]
								[-83,93,-8]
									[-83,93,-8]
									[-14,-36,-53]
									[34,49,6]
									[-42,-98,-26]
								[-98,-22,-89]
									[-89,-14,68]
									[-98,-22,-89]
									[-92,-37,-56]
									[-58,8,-70]
						[24,48,42]
							[-92,77,56]
								[4,-15,19]
								[-92,77,56]
									[-42,12,-6]
									[-92,77,56]
								[-62,56,97]
									[89,54,-10]
									[-62,56,97]
									[96,7,12]
							[-98,12,43]
								[-98,12,43]
									[-40,10,53]
									[15,-4,-16]
									[-98,12,43]
								[-57,72,-19]
								[-85,90,-94]
									[-85,90,-94]
									[71,-54,-80]
							[24,48,42]
					[36,-98,-74]
					[-74,-87,33]
						[-74,-87,33]
							[-91,-35,57]
								[-91,-35,57]
									[-91,-35,57]
									[-67,-50,-85]
								[-54,-21,7]
									[-54,-21,7]
									[-54,18,3]
								[-37,68,-86]
								[37,-4,-43]
							[-95,47,-67]
								[6,76,-29]
								[-95,47,-67]
									[-95,47,-67]
							[-81,-98,52]
								[6,-80,55]
									[63,11,-52]
									[6,-80,55]
								[-81,-98,52]
									[95,-44,-65]
									[-81,-98,52]
							[-74,-87,33]
								[-74,-87,33]
									[96,73,-59]
									[-74,-87,33]
								[66,92,-39]
									[66,92,-39]
								[96,-41,-33]
						[-10,-82,82]
							[-67,-71,-11]
								[-67,-71,-11]
									[-67,-71,-11]
									[75,56,-75]
								[43,-76,97]
							[-88,77,-27]
								[-29,-36,73]
									[-4,-34,20]
									[-29,-36,73]
									[-23,12,19]
								[-88,77,-27]
									[-7,-92,-36]
									[-88,77,-27]
							[-10,-82,82]
							[-96,-47,-17]
								[-1,75,-17]
								[-90,87,-80]
									[-90,87,-80]
									[-35,-78,71]
								[-18,-44,42]
									[-18,-44,42]
									[76,-72,38]
								[-96,-47,-17]
									[-96,-47,-17]
									[-5,23,-10]
