15
	15
		15
			15
				15
					15
						15
							15
								15
									15
										17
											17
										15
										16
	2
		2
			1
			2
				2
		5
			5
		5
			3
			4
			5
	6
		6
		7
			7
				7
				8
	9
		12
			12
				12
					12
		9
			9
		11
			11
				11
		10
			10
	13
		13
			13
				13
					13
						13
							13
								13
								14
