15
	15
		15
			15
				15
					15
						15
							15
								15
									15
										17
											17
										15
										16
	2
		2
			1
			2
				2
	6
		6
	12
		12
			12
				12
					12
	13
		13
			13
				13
					13
						13
							13
								13
