4
	1
	2
		2
		9
			9
				9
				13
					13
						13
							13
								13
									13
										13
											13
												13
													13
														13
															13
																13
																	13
																		13
																			13
				10
	3
		7
			6
			7
		3
		11
			11
				12
					12
						12
							12
								12
									12
										12
											12
												12
													12
				11
	4
		8
			8
		4
		5
		14
